<?xml version="1.0" encoding="UTF-8"?>
<testsuites name="Mocha Tests" time="1.613" tests="3" failures="1">
  <testsuite name="Root Suite" timestamp="2021-11-22T16:06:08" tests="0" failures="0" time="0">
  </testsuite>
  <testsuite name="Search person" timestamp="2021-11-22T16:06:08" tests="3" failures="1" time="1.613">
    <testcase name="Search person Should not search with empty field" time="1.08" classname="Should not search with empty field">
    </testcase>
    <testcase name="Search person Should return person not found" time="0" classname="Should return person not found">
      <failure message="Timed out retrying: Expected to find content: &apos;character not found&apos; within the element: &lt;p#error-text.invalid-feedback&gt; but never did." type="CypressError"><![CDATA[CypressError: Timed out retrying: Expected to find content: 'character not found' within the element: <p#error-text.invalid-feedback> but never did.
    at Object.cypressErr (http://localhost:3000/__cypress/runner/cypress_runner.js:83220:11)
    at Object.throwErr (http://localhost:3000/__cypress/runner/cypress_runner.js:83185:18)
    at Object.throwErrByPath (http://localhost:3000/__cypress/runner/cypress_runner.js:83212:17)
    at retry (http://localhost:3000/__cypress/runner/cypress_runner.js:76640:16)
    at http://localhost:3000/__cypress/runner/cypress_runner.js:68612:18
    at tryCatcher (http://localhost:3000/__cypress/runner/cypress_runner.js:132142:23)
    at Promise._settlePromiseFromHandler (http://localhost:3000/__cypress/runner/cypress_runner.js:130160:31)
    at Promise._settlePromise (http://localhost:3000/__cypress/runner/cypress_runner.js:130217:18)
    at Promise._settlePromise0 (http://localhost:3000/__cypress/runner/cypress_runner.js:130262:10)
    at Promise._settlePromises (http://localhost:3000/__cypress/runner/cypress_runner.js:130337:18)
    at Async._drainQueue (http://localhost:3000/__cypress/runner/cypress_runner.js:127066:16)
    at Async._drainQueues (http://localhost:3000/__cypress/runner/cypress_runner.js:127076:10)
    at Async.drainQueues (http://localhost:3000/__cypress/runner/cypress_runner.js:126950:14)]]></failure>
    </testcase>
    <testcase name="Search person Should return a person" time="0.533" classname="Should return a person">
    </testcase>
  </testsuite>
</testsuites>